Archive member included to satisfy reference by file (symbol)

w:/embedded systems data/imt/arm/05-arm tools/03- imt sdk/imt_sdk_win_64/winarm/armgcc/bin/../lib/gcc/arm-none-eabi/7.2.1/thumb/v7-m\libgcc.a(_arm_addsubdf3.o)
                              ./src/USART.o (__aeabi_dsub)
w:/embedded systems data/imt/arm/05-arm tools/03- imt sdk/imt_sdk_win_64/winarm/armgcc/bin/../lib/gcc/arm-none-eabi/7.2.1/thumb/v7-m\libgcc.a(_arm_muldivdf3.o)
                              ./src/USART.o (__aeabi_dmul)
w:/embedded systems data/imt/arm/05-arm tools/03- imt sdk/imt_sdk_win_64/winarm/armgcc/bin/../lib/gcc/arm-none-eabi/7.2.1/thumb/v7-m\libgcc.a(_arm_fixunsdfsi.o)
                              ./src/USART.o (__aeabi_d2uiz)
w:/embedded systems data/imt/arm/05-arm tools/03- imt sdk/imt_sdk_win_64/winarm/armgcc/bin/../lib/gcc/arm-none-eabi/7.2.1/../../../../arm-none-eabi/lib/thumb/v7-m\libg_nano.a(lib_a-errno.o)
                              ./system/src/newlib/_sbrk.o (__errno)
w:/embedded systems data/imt/arm/05-arm tools/03- imt sdk/imt_sdk_win_64/winarm/armgcc/bin/../lib/gcc/arm-none-eabi/7.2.1/../../../../arm-none-eabi/lib/thumb/v7-m\libg_nano.a(lib_a-impure.o)
                              w:/embedded systems data/imt/arm/05-arm tools/03- imt sdk/imt_sdk_win_64/winarm/armgcc/bin/../lib/gcc/arm-none-eabi/7.2.1/../../../../arm-none-eabi/lib/thumb/v7-m\libg_nano.a(lib_a-errno.o) (_impure_ptr)
w:/embedded systems data/imt/arm/05-arm tools/03- imt sdk/imt_sdk_win_64/winarm/armgcc/bin/../lib/gcc/arm-none-eabi/7.2.1/../../../../arm-none-eabi/lib/thumb/v7-m\libg_nano.a(lib_a-strlen.o)
                              ./system/src/diag/Trace.o (strlen)
w:/embedded systems data/imt/arm/05-arm tools/03- imt sdk/imt_sdk_win_64/winarm/armgcc/bin/../lib/gcc/arm-none-eabi/7.2.1/../../../../arm-none-eabi/lib/thumb/v7-m\libg_nano.a(lib_a-vsnprintf.o)
                              ./system/src/diag/Trace.o (vsnprintf)
w:/embedded systems data/imt/arm/05-arm tools/03- imt sdk/imt_sdk_win_64/winarm/armgcc/bin/../lib/gcc/arm-none-eabi/7.2.1/../../../../arm-none-eabi/lib/thumb/v7-m\libg_nano.a(lib_a-nano-svfprintf.o)
                              w:/embedded systems data/imt/arm/05-arm tools/03- imt sdk/imt_sdk_win_64/winarm/armgcc/bin/../lib/gcc/arm-none-eabi/7.2.1/../../../../arm-none-eabi/lib/thumb/v7-m\libg_nano.a(lib_a-vsnprintf.o) (_svfprintf_r)
w:/embedded systems data/imt/arm/05-arm tools/03- imt sdk/imt_sdk_win_64/winarm/armgcc/bin/../lib/gcc/arm-none-eabi/7.2.1/../../../../arm-none-eabi/lib/thumb/v7-m\libg_nano.a(lib_a-nano-vfprintf_i.o)
                              w:/embedded systems data/imt/arm/05-arm tools/03- imt sdk/imt_sdk_win_64/winarm/armgcc/bin/../lib/gcc/arm-none-eabi/7.2.1/../../../../arm-none-eabi/lib/thumb/v7-m\libg_nano.a(lib_a-nano-svfprintf.o) (_printf_i)
w:/embedded systems data/imt/arm/05-arm tools/03- imt sdk/imt_sdk_win_64/winarm/armgcc/bin/../lib/gcc/arm-none-eabi/7.2.1/../../../../arm-none-eabi/lib/thumb/v7-m\libg_nano.a(lib_a-memchr-stub.o)
                              w:/embedded systems data/imt/arm/05-arm tools/03- imt sdk/imt_sdk_win_64/winarm/armgcc/bin/../lib/gcc/arm-none-eabi/7.2.1/../../../../arm-none-eabi/lib/thumb/v7-m\libg_nano.a(lib_a-nano-svfprintf.o) (memchr)
w:/embedded systems data/imt/arm/05-arm tools/03- imt sdk/imt_sdk_win_64/winarm/armgcc/bin/../lib/gcc/arm-none-eabi/7.2.1/../../../../arm-none-eabi/lib/thumb/v7-m\libg_nano.a(lib_a-memcpy-stub.o)
                              w:/embedded systems data/imt/arm/05-arm tools/03- imt sdk/imt_sdk_win_64/winarm/armgcc/bin/../lib/gcc/arm-none-eabi/7.2.1/../../../../arm-none-eabi/lib/thumb/v7-m\libg_nano.a(lib_a-nano-svfprintf.o) (memcpy)
w:/embedded systems data/imt/arm/05-arm tools/03- imt sdk/imt_sdk_win_64/winarm/armgcc/bin/../lib/gcc/arm-none-eabi/7.2.1/../../../../arm-none-eabi/lib/thumb/v7-m\libg_nano.a(lib_a-memmove.o)
                              w:/embedded systems data/imt/arm/05-arm tools/03- imt sdk/imt_sdk_win_64/winarm/armgcc/bin/../lib/gcc/arm-none-eabi/7.2.1/../../../../arm-none-eabi/lib/thumb/v7-m\libg_nano.a(lib_a-nano-svfprintf.o) (memmove)
w:/embedded systems data/imt/arm/05-arm tools/03- imt sdk/imt_sdk_win_64/winarm/armgcc/bin/../lib/gcc/arm-none-eabi/7.2.1/../../../../arm-none-eabi/lib/thumb/v7-m\libg_nano.a(lib_a-nano-freer.o)
                              w:/embedded systems data/imt/arm/05-arm tools/03- imt sdk/imt_sdk_win_64/winarm/armgcc/bin/../lib/gcc/arm-none-eabi/7.2.1/../../../../arm-none-eabi/lib/thumb/v7-m\libg_nano.a(lib_a-nano-svfprintf.o) (_free_r)
w:/embedded systems data/imt/arm/05-arm tools/03- imt sdk/imt_sdk_win_64/winarm/armgcc/bin/../lib/gcc/arm-none-eabi/7.2.1/../../../../arm-none-eabi/lib/thumb/v7-m\libg_nano.a(lib_a-nano-mallocr.o)
                              w:/embedded systems data/imt/arm/05-arm tools/03- imt sdk/imt_sdk_win_64/winarm/armgcc/bin/../lib/gcc/arm-none-eabi/7.2.1/../../../../arm-none-eabi/lib/thumb/v7-m\libg_nano.a(lib_a-nano-svfprintf.o) (_malloc_r)
[...]
Memory Configuration

Name             Origin             Length             Attributes
RAM              0x20000000         0x00005000         xrw
CCMRAM           0x00000000         0x00000000         xrw
FLASH            0x08000000         0x00020000         xr
FLASHB1          0x00000000         0x00000000         xr
EXTMEMB0         0x00000000         0x00000000         xr
EXTMEMB1         0x00000000         0x00000000         xr
EXTMEMB2         0x00000000         0x00000000         xr
EXTMEMB3         0x00000000         0x00000000         xr
MEMORY_ARRAY     0x00000000         0x00000000         xrw
*default*        0x00000000         0xffffffff

Linker script and memory map

LOAD ./system/src/stm32f1-stdperiph/misc.o
LOAD ./system/src/stm32f1-stdperiph/stm32f10x_gpio.o
LOAD ./system/src/stm32f1-stdperiph/stm32f10x_rcc.o
LOAD ./system/src/newlib/_cxx.o
LOAD ./system/src/newlib/_exit.o
LOAD ./system/src/newlib/_sbrk.o
LOAD ./system/src/newlib/_startup.o
LOAD ./system/src/newlib/_syscalls.o
LOAD ./system/src/newlib/assert.o
LOAD ./system/src/diag/Trace.o
LOAD ./system/src/diag/trace_impl.o
LOAD ./system/src/cortexm/_initialize_hardware.o
LOAD ./system/src/cortexm/_reset_hardware.o
LOAD ./system/src/cortexm/exception_handlers.o
LOAD ./system/src/cmsis/system_stm32f10x.o
LOAD ./system/src/cmsis/vectors_stm32f10x.o
LOAD ./src/ESP8266.o
LOAD ./src/GPIO.o
LOAD ./src/RCC.o
LOAD ./src/Relay.o
LOAD ./src/SYSTICK.o
LOAD ./src/SimpleESP8266.o
LOAD ./src/USART.o
LOAD ./src/main.o
LOAD w:/embedded systems data/imt/arm/05-arm tools/03- imt sdk/imt_sdk_win_64/winarm/armgcc/bin/../lib/gcc/arm-none-eabi/7.2.1/../../../../arm-none-eabi/lib/thumb/v7-m\libstdc++_nano.a
LOAD w:/embedded systems data/imt/arm/05-arm tools/03- imt sdk/imt_sdk_win_64/winarm/armgcc/bin/../lib/gcc/arm-none-eabi/7.2.1/../../../../arm-none-eabi/lib/thumb/v7-m\libm.a
START GROUP
LOAD w:/embedded systems data/imt/arm/05-arm tools/03- imt sdk/imt_sdk_win_64/winarm/armgcc/bin/../lib/gcc/arm-none-eabi/7.2.1/thumb/v7-m\libgcc.a
LOAD w:/embedded systems data/imt/arm/05-arm tools/03- imt sdk/imt_sdk_win_64/winarm/armgcc/bin/../lib/gcc/arm-none-eabi/7.2.1/../../../../arm-none-eabi/lib/thumb/v7-m\libg_nano.a
LOAD w:/embedded systems data/imt/arm/05-arm tools/03- imt sdk/imt_sdk_win_64/winarm/armgcc/bin/../lib/gcc/arm-none-eabi/7.2.1/../../../../arm-none-eabi/lib/thumb/v7-m\libc_nano.a
END GROUP
START GROUP
LOAD w:/embedded systems data/imt/arm/05-arm tools/03- imt sdk/imt_sdk_win_64/winarm/armgcc/bin/../lib/gcc/arm-none-eabi/7.2.1/thumb/v7-m\libgcc.a
LOAD w:/embedded systems data/imt/arm/05-arm tools/03- imt sdk/imt_sdk_win_64/winarm/armgcc/bin/../lib/gcc/arm-none-eabi/7.2.1/../../../../arm-none-eabi/lib/thumb/v7-m\libc_nano.a
END GROUP
                0x20005000                __stack = (ORIGIN (RAM) + LENGTH (RAM))
                0x20005000                _estack = __stack
                0x00000400                __Main_Stack_Size = 0x400
                [!provide]                PROVIDE (_Main_Stack_Size, __Main_Stack_Size)
                0x20004c00                __Main_Stack_Limit = (__stack - __Main_Stack_Size)
                [!provide]                PROVIDE (_Main_Stack_Limit, __Main_Stack_Limit)
                0x00000100                _Minimum_Stack_Size = 0x100
                0x20000198                PROVIDE (_Heap_Begin, _end_noinit)
                0x20004c00                PROVIDE (_Heap_Limit, (__stack - __Main_Stack_Size))

.isr_vector     0x08000000      0x350
 FILL mask 0xff
                0x08000000                __vectors_start = ABSOLUTE (.)
                0x08000000                __vectors_start__ = ABSOLUTE (.)
 *(.isr_vector)
 .isr_vector    0x08000000      0x10c ./system/src/cmsis/vectors_stm32f10x.o
                0x08000000                __isr_vectors
 *(.cfmconfig)
 *(.after_vectors .after_vectors.*)
 .after_vectors
                0x0800010c      0x114 ./system/src/newlib/_startup.o
                0x0800010c                _start
 .after_vectors
                0x08000220      0x12c ./system/src/cortexm/exception_handlers.o
                0x08000220                Reset_Handler
                0x08000226                NMI_Handler
                0x0800022a                HardFault_Handler
                0x0800023e                HardFault_Handler_C
                0x0800029c                MemManage_Handler
                0x080002a0                BusFault_Handler
                0x080002b4                BusFault_Handler_C
                0x080002e8                UsageFault_Handler
                0x080002fc                UsageFault_Handler_C
                0x08000330                SVC_Handler
                0x08000334                DebugMon_Handler
                0x08000338                PendSV_Handler
 .after_vectors
                0x0800034c        0x4 ./system/src/cmsis/vectors_stm32f10x.o
                0x0800034c                EXTI2_IRQHandler
                0x0800034c                TIM8_TRG_COM_IRQHandler
                0x0800034c                TIM8_CC_IRQHandler
                0x0800034c                TIM1_CC_IRQHandler
                0x0800034c                TIM6_IRQHandler
                0x0800034c                PVD_IRQHandler
                0x0800034c                SDIO_IRQHandler
                0x0800034c                CAN2_RX1_IRQHandler
                0x0800034c                EXTI3_IRQHandler
                0x0800034c                TIM8_TRG_COM_TIM14_IRQHandler
                0x0800034c                TIM1_UP_TIM10_IRQHandler
                0x0800034c                TIM8_UP_TIM13_IRQHandler
                0x0800034c                EXTI0_IRQHandler
                0x0800034c                I2C2_EV_IRQHandler
                0x0800034c                CAN1_RX0_IRQHandler
                0x0800034c                TIM1_UP_TIM16_IRQHandler
                0x0800034c                CAN2_SCE_IRQHandler
                0x0800034c                ADC1_2_IRQHandler
                0x0800034c                SPI1_IRQHandler
                0x0800034c                TAMPER_IRQHandler
                0x0800034c                TIM6_DAC_IRQHandler
                0x0800034c                TIM1_BRK_TIM9_IRQHandler
                0x0800034c                CAN2_RX0_IRQHandler
                0x0800034c                TIM8_UP_IRQHandler
                0x0800034c                DMA2_Channel2_IRQHandler
                0x0800034c                DMA1_Channel4_IRQHandler
                0x0800034c                USART3_IRQHandler
                0x0800034c                RTC_IRQHandler
                0x0800034c                DMA1_Channel7_IRQHandler
                0x0800034c                CAN1_RX1_IRQHandler
                0x0800034c                UART5_IRQHandler
                0x0800034c                ADC3_IRQHandler
                0x0800034c                TIM4_IRQHandler
                0x0800034c                DMA2_Channel1_IRQHandler
                0x0800034c                I2C1_EV_IRQHandler
                0x0800034c                DMA1_Channel6_IRQHandler
                0x0800034c                UART4_IRQHandler
                0x0800034c                DMA2_Channel4_IRQHandler
                0x0800034c                TIM3_IRQHandler
                0x0800034c                RCC_IRQHandler
                0x0800034c                TIM8_BRK_TIM12_IRQHandler
                0x0800034c                TIM1_TRG_COM_IRQHandler
                0x0800034c                DMA1_Channel1_IRQHandler
                0x0800034c                Default_Handler
                0x0800034c                CEC_IRQHandler
                0x0800034c                EXTI15_10_IRQHandler
                0x0800034c                TIM14_IRQHandler
                0x0800034c                TIM13_IRQHandler
                0x0800034c                TIM12_IRQHandler
                0x0800034c                TIM7_IRQHandler
                0x0800034c                CAN2_TX_IRQHandler
                0x0800034c                TIM5_IRQHandler
                0x0800034c                EXTI9_5_IRQHandler
                0x0800034c                ETH_WKUP_IRQHandler
                0x0800034c                SPI2_IRQHandler
                0x0800034c                CAN1_TX_IRQHandler
                0x0800034c                DMA2_Channel5_IRQHandler
                0x0800034c                DMA1_Channel5_IRQHandler
                0x0800034c                EXTI4_IRQHandler
                0x0800034c                USB_LP_CAN1_RX0_IRQHandler
                0x0800034c                TIM1_TRG_COM_TIM17_IRQHandler
                0x0800034c                USB_HP_CAN1_TX_IRQHandler
                0x0800034c                DMA1_Channel3_IRQHandler
                0x0800034c                FSMC_IRQHandler
                0x0800034c                ETH_IRQHandler
                0x0800034c                TIM1_UP_IRQHandler
                0x0800034c                WWDG_IRQHandler
                0x0800034c                TIM2_IRQHandler
                0x0800034c                OTG_FS_WKUP_IRQHandler
                0x0800034c                TIM1_TRG_COM_TIM11_IRQHandler
                0x0800034c                TIM1_BRK_IRQHandler
                0x0800034c                EXTI1_IRQHandler
                0x0800034c                RTCAlarm_IRQHandler
                0x0800034c                DMA2_Channel4_5_IRQHandler
                0x0800034c                USART2_IRQHandler
                0x0800034c                I2C2_ER_IRQHandler
                0x0800034c                DMA1_Channel2_IRQHandler
                0x0800034c                TIM8_BRK_IRQHandler
                0x0800034c                CAN1_SCE_IRQHandler
                0x0800034c                FLASH_IRQHandler
                0x0800034c                USART1_IRQHandler
                0x0800034c                OTG_FS_IRQHandler
                0x0800034c                SPI3_IRQHandler
                0x0800034c                I2C1_ER_IRQHandler
                0x0800034c                USBWakeUp_IRQHandler
                0x0800034c                DMA2_Channel3_IRQHandler
                0x0800034c                TIM1_BRK_TIM15_IRQHandler

.inits          0x08000350       0x28
                0x08000350                __data_regions_array_start = .
                0x08000350        0x4 LONG 0x8002288 LOADADDR (.data)
                0x08000354        0x4 LONG 0x20000000 ADDR (.data)
                0x08000358        0x4 LONG 0x20000094 (ADDR (.data) + SIZEOF (.data))
                0x0800035c        0x4 LONG 0x8002288 LOADADDR (.data_CCMRAM)
                0x08000360        0x4 LONG 0x0 ADDR (.data_CCMRAM)
                0x08000364        0x4 LONG 0x0 (ADDR (.data_CCMRAM) + SIZEOF (.data_CCMRAM))
                0x08000368                __data_regions_array_end = .
                0x08000368                __bss_regions_array_start = .
                0x08000368        0x4 LONG 0x20000094 ADDR (.bss)
                0x0800036c        0x4 LONG 0x20000198 (ADDR (.bss) + SIZEOF (.bss))
                0x08000370        0x4 LONG 0x0 ADDR (.bss_CCMRAM)
                0x08000374        0x4 LONG 0x0 (ADDR (.bss_CCMRAM) + SIZEOF (.bss_CCMRAM))
                0x08000378                __bss_regions_array_end = .
 *(.init)
 *(.fini)
                0x08000378                . = ALIGN (0x4)
                0x08000378                PROVIDE (__preinit_array_start, .)
 *(.preinit_array_sysinit .preinit_array_sysinit.*)
 *(.preinit_array_platform .preinit_array_platform.*)
 *(.preinit_array .preinit_array.*)
                0x08000378                PROVIDE (__preinit_array_end, .)
                0x08000378                . = ALIGN (0x4)
                0x08000378                PROVIDE (__init_array_start, .)
 *(SORT_BY_NAME(.init_array.*))
 *(.init_array)
                0x08000378                PROVIDE (__init_array_end, .)
                0x08000378                . = ALIGN (0x4)
                0x08000378                PROVIDE (__fini_array_start, .)
 *(SORT_BY_NAME(.fini_array.*))
 *(.fini_array)
                0x08000378                PROVIDE (__fini_array_end, .)

.flashtext
 *(.flashtext .flashtext.*)

.text           0x08000378     0x1f0d
 *(.text .text.*)
 .text._exit    0x08000378        0x2 ./system/src/newlib/_exit.o
                0x08000378                _exit
 *fill*         0x0800037a        0x2 
 .text.abort    0x0800037c       0x14 ./system/src/newlib/_exit.o
                0x0800037c                abort
 .text._sbrk    0x08000390       0x44 ./system/src/newlib/_sbrk.o
                0x08000390                _sbrk
 .text.__initialize_args
                0x080003d4       0x10 ./system/src/newlib/_syscalls.o
                0x080003d4                __initialize_args
 .text.__assert_func
                0x080003e4       0x38 ./system/src/newlib/assert.o
                0x080003e4                __assert_func
 .text.trace_printf
                0x0800041c       0x30 ./system/src/diag/Trace.o
                0x0800041c                trace_printf
 .text.trace_puts
                0x0800044c       0x20 ./system/src/diag/Trace.o
                0x0800044c                trace_puts
 .text._trace_write_semihosting_debug
                0x0800046c       0x60 ./system/src/diag/trace_impl.o
 .text.trace_write
                0x080004cc        0x8 ./system/src/diag/trace_impl.o
                0x080004cc                trace_write
 .text.__initialize_hardware_early
                0x080004d4       0x18 ./system/src/cortexm/_initialize_hardware.o
                0x080004d4                __initialize_hardware_early
 .text.__initialize_hardware
                0x080004ec        0x8 ./system/src/cortexm/_initialize_hardware.o
                0x080004ec                __initialize_hardware
 .text.dumpExceptionStack
                0x080004f4       0xf4 ./system/src/cortexm/exception_handlers.o
                0x080004f4                dumpExceptionStack
 .text.isSemihosting
                0x080005e8       0x20 ./system/src/cortexm/exception_handlers.o
                0x080005e8                isSemihosting
 .text.SetSysClockTo72
                0x08000608       0xc4 ./system/src/cmsis/system_stm32f10x.o
 .text.SetSysClock
                0x080006cc        0x8 ./system/src/cmsis/system_stm32f10x.o
 .text.SystemInit
                0x080006d4       0x50 ./system/src/cmsis/system_stm32f10x.o
                0x080006d4                SystemInit
 .text.SystemCoreClockUpdate
                0x08000724       0x94 ./system/src/cmsis/system_stm32f10x.o
                0x08000724                SystemCoreClockUpdate
 .text.ClearBuffer
                0x080007b8       0x18 ./src/ESP8266.o
 .text.ConvertNumberToString
                0x080007d0       0x30 ./src/ESP8266.o
 .text.ReverseString
                0x08000800       0x28 ./src/ESP8266.o
 .text.SendCommand
                0x08000828       0x28 ./src/ESP8266.o
 .text.ReciveResponse
                0x08000850       0x34 ./src/ESP8266.o
 .text.ESP8266_Initiate
                0x08000884       0x68 ./src/ESP8266.o
                0x08000884                ESP8266_Initiate
 .text.ESP8266_Connect
                0x080008ec       0x54 ./src/ESP8266.o
                0x080008ec                ESP8266_Connect
 .text.ESP8266_GetDataFromServer
                0x08000940       0xcc ./src/ESP8266.o
                0x08000940                ESP8266_GetDataFromServer
 .text.GPIO_SetPinDirection
                0x08000a0c      0x138 ./src/GPIO.o
                0x08000a0c                GPIO_SetPinDirection
 .text.GPIO_WritePin
                0x08000b44       0x22 ./src/GPIO.o
                0x08000b44                GPIO_WritePin
 *fill*         0x08000b66        0x2 
 .text.RCC_Initiate
                0x08000b68       0x4c ./src/RCC.o
                0x08000b68                RCC_Initiate
 .text.RCC_EnableAPB2PeriphralsClock
                0x08000bb4       0x74 ./src/RCC.o
                0x08000bb4                RCC_EnableAPB2PeriphralsClock
 .text.RCC_EnableAPB1PeriphralsClock
                0x08000c28       0x6c ./src/RCC.o
                0x08000c28                RCC_EnableAPB1PeriphralsClock
 .text.Relay_Initiate
                0x08000c94       0x1a ./src/Relay.o
                0x08000c94                Relay_Initiate
 .text.Relay_TurnOnRelay
                0x08000cae        0xe ./src/Relay.o
                0x08000cae                Relay_TurnOnRelay
 .text.Relay_TurnOffRelay
                0x08000cbc        0xe ./src/Relay.o
                0x08000cbc                Relay_TurnOffRelay
 *fill*         0x08000cca        0x2 
 .text.SYSTICK_Initiate
                0x08000ccc       0x14 ./src/SYSTICK.o
                0x08000ccc                SYSTICK_Initiate
 .text.SYSTICK_SetBusyWaitms
                0x08000ce0       0x28 ./src/SYSTICK.o
                0x08000ce0                SYSTICK_SetBusyWaitms
 .text.SysTick_Handler
                0x08000d08       0x20 ./src/SYSTICK.o
                0x08000d08                SysTick_Handler
 .text.EnablePeripheralClock
                0x08000d28       0x20 ./src/SimpleESP8266.o
                0x08000d28                EnablePeripheralClock
 .text.USART_Initiate
                0x08000d48       0xc8 ./src/USART.o
                0x08000d48                USART_Initiate
 .text.USART_SendDataAsynch
                0x08000e10        0xc ./src/USART.o
                0x08000e10                USART_SendDataAsynch
 .text.USART_RecieveData
                0x08000e1c       0x78 ./src/USART.o
                0x08000e1c                USART_RecieveData
 .text.main     0x08000e94       0x48 ./src/main.o
                0x08000e94                main
 .text          0x08000edc      0x378 w:/embedded systems data/imt/arm/05-arm tools/03- imt sdk/imt_sdk_win_64/winarm/armgcc/bin/../lib/gcc/arm-none-eabi/7.2.1/thumb/v7-m\libgcc.a(_arm_addsubdf3.o)
                0x08000edc                __aeabi_drsub
                0x08000ee4                __aeabi_dsub
                0x08000ee4                __subdf3
                0x08000ee8                __aeabi_dadd
                0x08000ee8                __adddf3
                0x08001160                __floatunsidf
                0x08001160                __aeabi_ui2d
                0x08001180                __floatsidf
                0x08001180                __aeabi_i2d
                0x080011a4                __aeabi_f2d
                0x080011a4                __extendsfdf2
                0x080011e8                __floatundidf
                0x080011e8                __aeabi_ul2d
                0x080011f8                __floatdidf
                0x080011f8                __aeabi_l2d
 .text          0x08001254      0x424 w:/embedded systems data/imt/arm/05-arm tools/03- imt sdk/imt_sdk_win_64/winarm/armgcc/bin/../lib/gcc/arm-none-eabi/7.2.1/thumb/v7-m\libgcc.a(_arm_muldivdf3.o)
                0x08001254                __aeabi_dmul
                0x08001254                __muldf3
                0x080014a8                __divdf3
                0x080014a8                __aeabi_ddiv
 .text          0x08001678       0x40 w:/embedded systems data/imt/arm/05-arm tools/03- imt sdk/imt_sdk_win_64/winarm/armgcc/bin/../lib/gcc/arm-none-eabi/7.2.1/thumb/v7-m\libgcc.a(_arm_fixunsdfsi.o)
                0x08001678                __aeabi_d2uiz
                0x08001678                __fixunsdfsi
 .text.__errno  0x080016b8        0xc w:/embedded systems data/imt/arm/05-arm tools/03- imt sdk/imt_sdk_win_64/winarm/armgcc/bin/../lib/gcc/arm-none-eabi/7.2.1/../../../../arm-none-eabi/lib/thumb/v7-m\libg_nano.a(lib_a-errno.o)
                0x080016b8                __errno
 .text          0x080016c4       0x10 w:/embedded systems data/imt/arm/05-arm tools/03- imt sdk/imt_sdk_win_64/winarm/armgcc/bin/../lib/gcc/arm-none-eabi/7.2.1/../../../../arm-none-eabi/lib/thumb/v7-m\libg_nano.a(lib_a-strlen.o)
                0x080016c4                strlen
 .text._vsnprintf_r
                0x080016d4       0x58 w:/embedded systems data/imt/arm/05-arm tools/03- imt sdk/imt_sdk_win_64/winarm/armgcc/bin/../lib/gcc/arm-none-eabi/7.2.1/../../../../arm-none-eabi/lib/thumb/v7-m\libg_nano.a(lib_a-vsnprintf.o)
                0x080016d4                _vsniprintf_r
                0x080016d4                _vsnprintf_r
 .text.vsnprintf
                0x0800172c       0x1c w:/embedded systems data/imt/arm/05-arm tools/03- imt sdk/imt_sdk_win_64/winarm/armgcc/bin/../lib/gcc/arm-none-eabi/7.2.1/../../../../arm-none-eabi/lib/thumb/v7-m\libg_nano.a(lib_a-vsnprintf.o)
                0x0800172c                vsniprintf
                0x0800172c                vsnprintf
 .text.__ssputs_r
                0x08001748       0xb4 w:/embedded systems data/imt/arm/05-arm tools/03- imt sdk/imt_sdk_win_64/winarm/armgcc/bin/../lib/gcc/arm-none-eabi/7.2.1/../../../../arm-none-eabi/lib/thumb/v7-m\libg_nano.a(lib_a-nano-svfprintf.o)
                0x08001748                __ssputs_r
 .text._svfprintf_r
                0x080017fc      0x1ec w:/embedded systems data/imt/arm/05-arm tools/03- imt sdk/imt_sdk_win_64/winarm/armgcc/bin/../lib/gcc/arm-none-eabi/7.2.1/../../../../arm-none-eabi/lib/thumb/v7-m\libg_nano.a(lib_a-nano-svfprintf.o)
                0x080017fc                _svfiprintf_r
                0x080017fc                _svfprintf_r
 .text._printf_common
                0x080019e8       0xec w:/embedded systems data/imt/arm/05-arm tools/03- imt sdk/imt_sdk_win_64/winarm/armgcc/bin/../lib/gcc/arm-none-eabi/7.2.1/../../../../arm-none-eabi/lib/thumb/v7-m\libg_nano.a(lib_a-nano-vfprintf_i.o)
                0x080019e8                _printf_common
 .text._printf_i
                0x08001ad4      0x224 w:/embedded systems data/imt/arm/05-arm tools/03- imt sdk/imt_sdk_win_64/winarm/armgcc/bin/../lib/gcc/arm-none-eabi/7.2.1/../../../../arm-none-eabi/lib/thumb/v7-m\libg_nano.a(lib_a-nano-vfprintf_i.o)
                0x08001ad4                _printf_i
 .text.memchr   0x08001cf8       0x1c w:/embedded systems data/imt/arm/05-arm tools/03- imt sdk/imt_sdk_win_64/winarm/armgcc/bin/../lib/gcc/arm-none-eabi/7.2.1/../../../../arm-none-eabi/lib/thumb/v7-m\libg_nano.a(lib_a-memchr-stub.o)
                0x08001cf8                memchr
 .text.memcpy   0x08001d14       0x16 w:/embedded systems data/imt/arm/05-arm tools/03- imt sdk/imt_sdk_win_64/winarm/armgcc/bin/../lib/gcc/arm-none-eabi/7.2.1/../../../../arm-none-eabi/lib/thumb/v7-m\libg_nano.a(lib_a-memcpy-stub.o)
                0x08001d14                memcpy
 .text.memmove  0x08001d2a       0x32 w:/embedded systems data/imt/arm/05-arm tools/03- imt sdk/imt_sdk_win_64/winarm/armgcc/bin/../lib/gcc/arm-none-eabi/7.2.1/../../../../arm-none-eabi/lib/thumb/v7-m\libg_nano.a(lib_a-memmove.o)
                0x08001d2a                memmove
 .text._free_r  0x08001d5c       0x98 w:/embedded systems data/imt/arm/05-arm tools/03- imt sdk/imt_sdk_win_64/winarm/armgcc/bin/../lib/gcc/arm-none-eabi/7.2.1/../../../../arm-none-eabi/lib/thumb/v7-m\libg_nano.a(lib_a-nano-freer.o)
                0x08001d5c                _free_r
 .text._malloc_r
                0x08001df4       0xb4 w:/embedded systems data/imt/arm/05-arm tools/03- imt sdk/imt_sdk_win_64/winarm/armgcc/bin/../lib/gcc/arm-none-eabi/7.2.1/../../../../arm-none-eabi/lib/thumb/v7-m\libg_nano.a(lib_a-nano-mallocr.o)
                0x08001df4                _malloc_r
 .text._realloc_r
                0x08001ea8       0x4c w:/embedded systems data/imt/arm/05-arm tools/03- imt sdk/imt_sdk_win_64/winarm/armgcc/bin/../lib/gcc/arm-none-eabi/7.2.1/../../../../arm-none-eabi/lib/thumb/v7-m\libg_nano.a(lib_a-nano-reallocr.o)
                0x08001ea8                _realloc_r
 .text._sbrk_r  0x08001ef4       0x20 w:/embedded systems data/imt/arm/05-arm tools/03- imt sdk/imt_sdk_win_64/winarm/armgcc/bin/../lib/gcc/arm-none-eabi/7.2.1/../../../../arm-none-eabi/lib/thumb/v7-m\libg_nano.a(lib_a-sbrkr.o)
                0x08001ef4                _sbrk_r
 .text.__malloc_lock
                0x08001f14        0x2 w:/embedded systems data/imt/arm/05-arm tools/03- imt sdk/imt_sdk_win_64/winarm/armgcc/bin/../lib/gcc/arm-none-eabi/7.2.1/../../../../arm-none-eabi/lib/thumb/v7-m\libg_nano.a(lib_a-mlock.o)
                0x08001f14                __malloc_lock
 .text.__malloc_unlock
                0x08001f16        0x2 w:/embedded systems data/imt/arm/05-arm tools/03- imt sdk/imt_sdk_win_64/winarm/armgcc/bin/../lib/gcc/arm-none-eabi/7.2.1/../../../../arm-none-eabi/lib/thumb/v7-m\libg_nano.a(lib_a-mlock.o)
                0x08001f16                __malloc_unlock
 .text._malloc_usable_size_r
                0x08001f18       0x10 w:/embedded systems data/imt/arm/05-arm tools/03- imt sdk/imt_sdk_win_64/winarm/armgcc/bin/../lib/gcc/arm-none-eabi/7.2.1/../../../../arm-none-eabi/lib/thumb/v7-m\libg_nano.a(lib_a-nano-msizer.o)
                0x08001f18                _malloc_usable_size_r
 *(.rodata .rodata.* .constdata .constdata.*)
 .rodata.abort.str1.4
                0x08001f28       0x14 ./system/src/newlib/_exit.o
 .rodata.__assert_func.str1.4
                0x08001f3c       0x3f ./system/src/newlib/assert.o
                                 0x43 (size before relaxing)
 .rodata.trace_puts.str1.4
                0x08001f7b       0x3f ./system/src/diag/Trace.o
                                  0x2 (size before relaxing)
 *fill*         0x08001f7b        0x1 
 .rodata.dumpExceptionStack.str1.4
                0x08001f7c      0x11a ./system/src/cortexm/exception_handlers.o
 *fill*         0x08002096        0x2 
 .rodata.str1.4
                0x08002098       0x2a ./system/src/cortexm/exception_handlers.o
 *fill*         0x080020c2        0x2 
 .rodata.ESP8266_Connect.str1.4
                0x080020c4       0x2c ./src/ESP8266.o
                                 0x30 (size before relaxing)
 .rodata.ESP8266_GetDataFromServer.str1.4
                0x080020f0       0x6e ./src/ESP8266.o
                                 0x72 (size before relaxing)
 *fill*         0x0800215e        0x2 
 .rodata.ESP8266_Initiate.str1.4
                0x08002160       0x27 ./src/ESP8266.o
 *fill*         0x08002187        0x1 
 .rodata.RCC_AdjustInternalClock.str1.4
                0x08002188       0x39 ./src/RCC.o
 *fill*         0x080021c1        0x3 
 .rodata.RCC_EnableAPB1PeriphralsClock.str1.4
                0x080021c4       0x27 ./src/RCC.o
 *fill*         0x080021eb        0x1 
 .rodata.RCC_EnableAPB2PeriphralsClock.str1.4
                0x080021ec       0x28 ./src/RCC.o
                                 0x27 (size before relaxing)
 .rodata.__func__.3704
                0x08002214       0x1e ./src/RCC.o
 *fill*         0x08002232        0x2 
 .rodata.__func__.3708
                0x08002234       0x1e ./src/RCC.o
 .rodata._svfprintf_r.str1.1
                0x08002252       0x11 w:/embedded systems data/imt/arm/05-arm tools/03- imt sdk/imt_sdk_win_64/winarm/armgcc/bin/../lib/gcc/arm-none-eabi/7.2.1/../../../../arm-none-eabi/lib/thumb/v7-m\libg_nano.a(lib_a-nano-svfprintf.o)
 .rodata._printf_i.str1.1
                0x08002263       0x22 w:/embedded systems data/imt/arm/05-arm tools/03- imt sdk/imt_sdk_win_64/winarm/armgcc/bin/../lib/gcc/arm-none-eabi/7.2.1/../../../../arm-none-eabi/lib/thumb/v7-m\libg_nano.a(lib_a-nano-vfprintf_i.o)
 *(vtable)
 *(.eh_frame*)
 *(.glue_7)
 .glue_7        0x08002285        0x0 linker stubs
 *(.glue_7t)
 .glue_7t       0x08002285        0x0 linker stubs

.vfp11_veneer   0x08002288        0x0
 .vfp11_veneer  0x08002288        0x0 linker stubs

.v4_bx          0x08002288        0x0
 .v4_bx         0x08002288        0x0 linker stubs

.iplt           0x08002288        0x0
 .iplt          0x08002288        0x0 ./system/src/newlib/_exit.o

.rel.dyn        0x08002288        0x0
 .rel.iplt      0x08002288        0x0 ./system/src/newlib/_exit.o

.ARM.extab
 *(.ARM.extab* .gnu.linkonce.armextab.*)
                0x08002288                . = ALIGN (0x4)
                0x08002288                __exidx_start = .

.ARM.exidx
 *(.ARM.exidx* .gnu.linkonce.armexidx.*)
                0x08002288                __exidx_end = .
                0x08002288                . = ALIGN (0x4)
                0x08002288                _etext = .
                0x08002288                __etext = .

.data_CCMRAM    0x00000000        0x0 load address 0x08002288
 FILL mask 0xff
 *(.data.CCMRAM .data.CCMRAM.*)
                0x00000000                . = ALIGN (0x4)
                0x08002288                _sidata = LOADADDR (.data)

.data           0x20000000       0x94 load address 0x08002288
 FILL mask 0xff
                0x20000000                _sdata = .
                0x20000000                __data_start__ = .
 *(.data_begin .data_begin.*)
 .data_begin    0x20000000        0x4 ./system/src/newlib/_startup.o
 *(.data .data.*)
 .data.argv.4310
                0x20000004        0x8 ./system/src/newlib/_syscalls.o
 .data.AHBPrescTable
                0x2000000c       0x10 ./system/src/cmsis/system_stm32f10x.o
                0x2000000c                AHBPrescTable
 .data.SystemCoreClock
                0x2000001c        0x4 ./system/src/cmsis/system_stm32f10x.o
                0x2000001c                SystemCoreClock
 .data.ESP8266_Config
                0x20000020        0xc ./src/ESP8266.o
                0x20000020                ESP8266_Config
 .data._impure_ptr
                0x2000002c        0x4 w:/embedded systems data/imt/arm/05-arm tools/03- imt sdk/imt_sdk_win_64/winarm/armgcc/bin/../lib/gcc/arm-none-eabi/7.2.1/../../../../arm-none-eabi/lib/thumb/v7-m\libg_nano.a(lib_a-impure.o)
                0x2000002c                _impure_ptr
 .data.impure_data
                0x20000030       0x60 w:/embedded systems data/imt/arm/05-arm tools/03- imt sdk/imt_sdk_win_64/winarm/armgcc/bin/../lib/gcc/arm-none-eabi/7.2.1/../../../../arm-none-eabi/lib/thumb/v7-m\libg_nano.a(lib_a-impure.o)
 *(.data_end .data_end.*)
 .data_end      0x20000090        0x4 ./system/src/newlib/_startup.o
                0x20000094                . = ALIGN (0x4)
                0x20000094                _edata = .
                0x20000094                __data_end__ = .

.igot.plt       0x20000094        0x0 load address 0x0800231c
 .igot.plt      0x20000094        0x0 ./system/src/newlib/_exit.o

.bss_CCMRAM     0x00000000        0x0
 *(.bss.CCMRAM .bss.CCMRAM.*)

.bss            0x20000094      0x104
                0x20000094                __bss_start__ = .
                0x20000094                _sbss = .
 *(.bss_begin .bss_begin.*)
 .bss_begin     0x20000094        0x4 ./system/src/newlib/_startup.o
 *(.bss .bss.*)
 .bss.current_heap_end.3961
                0x20000098        0x4 ./system/src/newlib/_sbrk.o
 .bss.name.4309
                0x2000009c        0x1 ./system/src/newlib/_syscalls.o
 *fill*         0x2000009d        0x3 
 .bss.buf.5205  0x200000a0       0x80 ./system/src/diag/Trace.o
 .bss.SYSTICK_PointerToIsr
                0x20000120        0x4 ./src/SYSTICK.o
                0x20000120                SYSTICK_PointerToIsr
 .bss.__malloc_free_list
                0x20000124        0x4 w:/embedded systems data/imt/arm/05-arm tools/03- imt sdk/imt_sdk_win_64/winarm/armgcc/bin/../lib/gcc/arm-none-eabi/7.2.1/../../../../arm-none-eabi/lib/thumb/v7-m\libg_nano.a(lib_a-nano-mallocr.o)
                0x20000124                __malloc_free_list
 .bss.__malloc_sbrk_start
                0x20000128        0x4 w:/embedded systems data/imt/arm/05-arm tools/03- imt sdk/imt_sdk_win_64/winarm/armgcc/bin/../lib/gcc/arm-none-eabi/7.2.1/../../../../arm-none-eabi/lib/thumb/v7-m\libg_nano.a(lib_a-nano-mallocr.o)
                0x20000128                __malloc_sbrk_start
 *(COMMON)
 COMMON         0x2000012c        0x4 ./system/src/newlib/_syscalls.o
                0x2000012c                errno
 COMMON         0x20000130       0x64 ./src/ESP8266.o
                0x20000130                ResponseBuffer
 *(.bss_end .bss_end.*)
 .bss_end       0x20000194        0x4 ./system/src/newlib/_startup.o
                0x20000198                . = ALIGN (0x4)
                0x20000198                __bss_end__ = .
                0x20000198                _ebss = .

.noinit_CCMRAM
 *(.noinit.CCMRAM .noinit.CCMRAM.*)

.noinit         0x20000198        0x0
                0x20000198                _noinit = .
 *(.noinit .noinit.*)
                0x20000198                . = ALIGN (0x4)
                0x20000198                _end_noinit = .
                [!provide]                PROVIDE (end, _end_noinit)
                [!provide]                PROVIDE (_end, _end_noinit)
                [!provide]                PROVIDE (__end, _end_noinit)
                [!provide]                PROVIDE (__end__, _end_noinit)

._check_stack   0x20000198      0x100
                0x20000298                . = (. + _Minimum_Stack_Size)
 *fill*         0x20000198      0x100 

.b1text
 *(.b1text)
 *(.b1rodata)
 *(.b1rodata.*)

.eb0text
 *(.eb0text)
 *(.eb0rodata)
 *(.eb0rodata.*)

.eb1text
 *(.eb1text)
 *(.eb1rodata)
 *(.eb1rodata.*)

.eb2text
 *(.eb2text)
 *(.eb2rodata)
 *(.eb2rodata.*)

.eb3text
 *(.eb3text)
 *(.eb3rodata)
 *(.eb3rodata.*)

.stab
 *(.stab)

.stabstr
 *(.stabstr)

.stab.excl
 *(.stab.excl)

.stab.exclstr
 *(.stab.exclstr)

.stab.index
 *(.stab.index)

.stab.indexstr
 *(.stab.indexstr)

.comment        0x00000000       0x7e
 *(.comment)
 .comment       0x00000000       0x7e ./system/src/newlib/_exit.o
                                 0x7f (size before relaxing)
 .comment       0x0000007e       0x7f ./system/src/newlib/_sbrk.o
 .comment       0x0000007e       0x7f ./system/src/newlib/_startup.o
 .comment       0x0000007e       0x7f ./system/src/newlib/_syscalls.o
 .comment       0x0000007e       0x7f ./system/src/newlib/assert.o
 .comment       0x0000007e       0x7f ./system/src/diag/Trace.o
 .comment       0x0000007e       0x7f ./system/src/diag/trace_impl.o
 .comment       0x0000007e       0x7f ./system/src/cortexm/_initialize_hardware.o
 .comment       0x0000007e       0x7f ./system/src/cortexm/exception_handlers.o
 .comment       0x0000007e       0x7f ./system/src/cmsis/system_stm32f10x.o
 .comment       0x0000007e       0x7f ./system/src/cmsis/vectors_stm32f10x.o
 .comment       0x0000007e       0x7f ./src/ESP8266.o
 .comment       0x0000007e       0x7f ./src/GPIO.o
 .comment       0x0000007e       0x7f ./src/RCC.o
 .comment       0x0000007e       0x7f ./src/Relay.o
 .comment       0x0000007e       0x7f ./src/SYSTICK.o
 .comment       0x0000007e       0x7f ./src/SimpleESP8266.o
 .comment       0x0000007e       0x7f ./src/USART.o
 .comment       0x0000007e       0x7f ./src/main.o

.ARM.attributes
                0x00000000       0x31
 .ARM.attributes
                0x00000000       0x33 ./system/src/newlib/_exit.o
 .ARM.attributes
                0x00000033       0x33 ./system/src/newlib/_sbrk.o
 .ARM.attributes
                0x00000066       0x33 ./system/src/newlib/_startup.o
 .ARM.attributes
                0x00000099       0x33 ./system/src/newlib/_syscalls.o
 .ARM.attributes
                0x000000cc       0x33 ./system/src/newlib/assert.o
 .ARM.attributes
                0x000000ff       0x33 ./system/src/diag/Trace.o
 .ARM.attributes
                0x00000132       0x33 ./system/src/diag/trace_impl.o
 .ARM.attributes
                0x00000165       0x33 ./system/src/cortexm/_initialize_hardware.o
 .ARM.attributes
                0x00000198       0x33 ./system/src/cortexm/exception_handlers.o
 .ARM.attributes
                0x000001cb       0x33 ./system/src/cmsis/system_stm32f10x.o
 .ARM.attributes
                0x000001fe       0x33 ./system/src/cmsis/vectors_stm32f10x.o
 .ARM.attributes
                0x00000231       0x33 ./src/ESP8266.o
 .ARM.attributes
                0x00000264       0x33 ./src/GPIO.o
 .ARM.attributes
                0x00000297       0x33 ./src/RCC.o
 .ARM.attributes
                0x000002ca       0x33 ./src/Relay.o
 .ARM.attributes
                0x000002fd       0x33 ./src/SYSTICK.o
 .ARM.attributes
                0x00000330       0x33 ./src/SimpleESP8266.o
 .ARM.attributes
                0x00000363       0x33 ./src/USART.o
 .ARM.attributes
                0x00000396       0x33 ./src/main.o
 .ARM.attributes
                0x000003c9       0x1d w:/embedded systems data/imt/arm/05-arm tools/03- imt sdk/imt_sdk_win_64/winarm/armgcc/bin/../lib/gcc/arm-none-eabi/7.2.1/thumb/v7-m\libgcc.a(_arm_addsubdf3.o)
 .ARM.attributes
                0x000003e6       0x1d w:/embedded systems data/imt/arm/05-arm tools/03- imt sdk/imt_sdk_win_64/winarm/armgcc/bin/../lib/gcc/arm-none-eabi/7.2.1/thumb/v7-m\libgcc.a(_arm_muldivdf3.o)
 .ARM.attributes
                0x00000403       0x1d w:/embedded systems data/imt/arm/05-arm tools/03- imt sdk/imt_sdk_win_64/winarm/armgcc/bin/../lib/gcc/arm-none-eabi/7.2.1/thumb/v7-m\libgcc.a(_arm_fixunsdfsi.o)
 .ARM.attributes
                0x00000420       0x2d w:/embedded systems data/imt/arm/05-arm tools/03- imt sdk/imt_sdk_win_64/winarm/armgcc/bin/../lib/gcc/arm-none-eabi/7.2.1/../../../../arm-none-eabi/lib/thumb/v7-m\libg_nano.a(lib_a-errno.o)
 .ARM.attributes
                0x0000044d       0x2d w:/embedded systems data/imt/arm/05-arm tools/03- imt sdk/imt_sdk_win_64/winarm/armgcc/bin/../lib/gcc/arm-none-eabi/7.2.1/../../../../arm-none-eabi/lib/thumb/v7-m\libg_nano.a(lib_a-impure.o)
 .ARM.attributes
                0x0000047a       0x17 w:/embedded systems data/imt/arm/05-arm tools/03- imt sdk/imt_sdk_win_64/winarm/armgcc/bin/../lib/gcc/arm-none-eabi/7.2.1/../../../../arm-none-eabi/lib/thumb/v7-m\libg_nano.a(lib_a-strlen.o)
 .ARM.attributes
                0x00000491       0x2d w:/embedded systems data/imt/arm/05-arm tools/03- imt sdk/imt_sdk_win_64/winarm/armgcc/bin/../lib/gcc/arm-none-eabi/7.2.1/../../../../arm-none-eabi/lib/thumb/v7-m\libg_nano.a(lib_a-vsnprintf.o)
 .ARM.attributes
                0x000004be       0x2d w:/embedded systems data/imt/arm/05-arm tools/03- imt sdk/imt_sdk_win_64/winarm/armgcc/bin/../lib/gcc/arm-none-eabi/7.2.1/../../../../arm-none-eabi/lib/thumb/v7-m\libg_nano.a(lib_a-nano-svfprintf.o)
 .ARM.attributes
                0x000004eb       0x2d w:/embedded systems data/imt/arm/05-arm tools/03- imt sdk/imt_sdk_win_64/winarm/armgcc/bin/../lib/gcc/arm-none-eabi/7.2.1/../../../../arm-none-eabi/lib/thumb/v7-m\libg_nano.a(lib_a-nano-vfprintf_i.o)
 .ARM.attributes
                0x00000518       0x2d w:/embedded systems data/imt/arm/05-arm tools/03- imt sdk/imt_sdk_win_64/winarm/armgcc/bin/../lib/gcc/arm-none-eabi/7.2.1/../../../../arm-none-eabi/lib/thumb/v7-m\libg_nano.a(lib_a-memchr-stub.o)
 .ARM.attributes
                0x00000545       0x2d w:/embedded systems data/imt/arm/05-arm tools/03- imt sdk/imt_sdk_win_64/winarm/armgcc/bin/../lib/gcc/arm-none-eabi/7.2.1/../../../../arm-none-eabi/lib/thumb/v7-m\libg_nano.a(lib_a-memcpy-stub.o)
 .ARM.attributes
                0x00000572       0x2d w:/embedded systems data/imt/arm/05-arm tools/03- imt sdk/imt_sdk_win_64/winarm/armgcc/bin/../lib/gcc/arm-none-eabi/7.2.1/../../../../arm-none-eabi/lib/thumb/v7-m\libg_nano.a(lib_a-memmove.o)
 .ARM.attributes
                0x0000059f       0x2d w:/embedded systems data/imt/arm/05-arm tools/03- imt sdk/imt_sdk_win_64/winarm/armgcc/bin/../lib/gcc/arm-none-eabi/7.2.1/../../../../arm-none-eabi/lib/thumb/v7-m\libg_nano.a(lib_a-nano-freer.o)
 .ARM.attributes
                0x000005cc       0x2d w:/embedded systems data/imt/arm/05-arm tools/03- imt sdk/imt_sdk_win_64/winarm/armgcc/bin/../lib/gcc/arm-none-eabi/7.2.1/../../../../arm-none-eabi/lib/thumb/v7-m\libg_nano.a(lib_a-nano-mallocr.o)
 .ARM.attributes
                0x000005f9       0x2d w:/embedded systems data/imt/arm/05-arm tools/03- imt sdk/imt_sdk_win_64/winarm/armgcc/bin/../lib/gcc/arm-none-eabi/7.2.1/../../../../arm-none-eabi/lib/thumb/v7-m\libg_nano.a(lib_a-nano-reallocr.o)
 .ARM.attributes
                0x00000626       0x2d w:/embedded systems data/imt/arm/05-arm tools/03- imt sdk/imt_sdk_win_64/winarm/armgcc/bin/../lib/gcc/arm-none-eabi/7.2.1/../../../../arm-none-eabi/lib/thumb/v7-m\libg_nano.a(lib_a-sbrkr.o)
 .ARM.attributes
                0x00000653       0x2d w:/embedded systems data/imt/arm/05-arm tools/03- imt sdk/imt_sdk_win_64/winarm/armgcc/bin/../lib/gcc/arm-none-eabi/7.2.1/../../../../arm-none-eabi/lib/thumb/v7-m\libg_nano.a(lib_a-mlock.o)
 .ARM.attributes
                0x00000680       0x2d w:/embedded systems data/imt/arm/05-arm tools/03- imt sdk/imt_sdk_win_64/winarm/armgcc/bin/../lib/gcc/arm-none-eabi/7.2.1/../../../../arm-none-eabi/lib/thumb/v7-m\libg_nano.a(lib_a-nano-msizer.o)

.debug
 *(.debug)

.line
 *(.line)

.debug_srcinfo
 *(.debug_srcinfo)

.debug_sfnames
 *(.debug_sfnames)

.debug_aranges  0x00000000      0x438
 *(.debug_aranges)
 .debug_aranges
                0x00000000       0x28 ./system/src/newlib/_exit.o
 .debug_aranges
                0x00000028       0x20 ./system/src/newlib/_sbrk.o
 .debug_aranges
                0x00000048       0x40 ./system/src/newlib/_startup.o
 .debug_aranges
                0x00000088       0x30 ./system/src/newlib/_syscalls.o
 .debug_aranges
                0x000000b8       0x28 ./system/src/newlib/assert.o
 .debug_aranges
                0x000000e0       0x38 ./system/src/diag/Trace.o
 .debug_aranges
                0x00000118       0x30 ./system/src/diag/trace_impl.o
 .debug_aranges
                0x00000148       0x28 ./system/src/cortexm/_initialize_hardware.o
 .debug_aranges
                0x00000170       0x90 ./system/src/cortexm/exception_handlers.o
 .debug_aranges
                0x00000200       0x38 ./system/src/cmsis/system_stm32f10x.o
 .debug_aranges
                0x00000238       0x20 ./system/src/cmsis/vectors_stm32f10x.o
 .debug_aranges
                0x00000258       0x58 ./src/ESP8266.o
 .debug_aranges
                0x000002b0       0x30 ./src/GPIO.o
 .debug_aranges
                0x000002e0       0x58 ./src/RCC.o
 .debug_aranges
                0x00000338       0x30 ./src/Relay.o
 .debug_aranges
                0x00000368       0x58 ./src/SYSTICK.o
 .debug_aranges
                0x000003c0       0x20 ./src/SimpleESP8266.o
 .debug_aranges
                0x000003e0       0x38 ./src/USART.o
 .debug_aranges
                0x00000418       0x20 ./src/main.o

.debug_pubnames
 *(.debug_pubnames)

.debug_info     0x00000000     0x820b
 *(.debug_info .gnu.linkonce.wi.*)
 .debug_info    0x00000000      0x956 ./system/src/newlib/_exit.o
 .debug_info    0x00000956      0x942 ./system/src/newlib/_sbrk.o
 .debug_info    0x00001298      0x42e ./system/src/newlib/_startup.o
 .debug_info    0x000016c6      0xa19 ./system/src/newlib/_syscalls.o
 .debug_info    0x000020df      0x9ff ./system/src/newlib/assert.o
 .debug_info    0x00002ade      0xb2a ./system/src/diag/Trace.o
 .debug_info    0x00003608      0x363 ./system/src/diag/trace_impl.o
 .debug_info    0x0000396b      0x2b5 ./system/src/cortexm/_initialize_hardware.o
 .debug_info    0x00003c20     0x1140 ./system/src/cortexm/exception_handlers.o
 .debug_info    0x00004d60      0x494 ./system/src/cmsis/system_stm32f10x.o
 .debug_info    0x000051f4       0xca ./system/src/cmsis/vectors_stm32f10x.o
 .debug_info    0x000052be      0xfc7 ./src/ESP8266.o
 .debug_info    0x00006285      0x1c3 ./src/GPIO.o
 .debug_info    0x00006448      0x3e7 ./src/RCC.o
 .debug_info    0x0000682f      0x1f5 ./src/Relay.o
 .debug_info    0x00006a24      0x1c1 ./src/SYSTICK.o
 .debug_info    0x00006be5      0x92f ./src/SimpleESP8266.o
 .debug_info    0x00007514      0x295 ./src/USART.o
 .debug_info    0x000077a9      0xa62 ./src/main.o

.debug_abbrev   0x00000000     0x1f81
 *(.debug_abbrev)
 .debug_abbrev  0x00000000      0x1f3 ./system/src/newlib/_exit.o
 .debug_abbrev  0x000001f3      0x1fc ./system/src/newlib/_sbrk.o
 .debug_abbrev  0x000003ef      0x1b3 ./system/src/newlib/_startup.o
 .debug_abbrev  0x000005a2      0x234 ./system/src/newlib/_syscalls.o
 .debug_abbrev  0x000007d6      0x1f3 ./system/src/newlib/assert.o
 .debug_abbrev  0x000009c9      0x276 ./system/src/diag/Trace.o
 .debug_abbrev  0x00000c3f      0x1e2 ./system/src/diag/trace_impl.o
 .debug_abbrev  0x00000e21       0xea ./system/src/cortexm/_initialize_hardware.o
 .debug_abbrev  0x00000f0b      0x32b ./system/src/cortexm/exception_handlers.o
 .debug_abbrev  0x00001236      0x177 ./system/src/cmsis/system_stm32f10x.o
 .debug_abbrev  0x000013ad       0x9d ./system/src/cmsis/vectors_stm32f10x.o
 .debug_abbrev  0x0000144a      0x29b ./src/ESP8266.o
 .debug_abbrev  0x000016e5       0xab ./src/GPIO.o
 .debug_abbrev  0x00001790      0x135 ./src/RCC.o
 .debug_abbrev  0x000018c5       0xb9 ./src/Relay.o
 .debug_abbrev  0x0000197e      0x106 ./src/SYSTICK.o
 .debug_abbrev  0x00001a84      0x1db ./src/SimpleESP8266.o
 .debug_abbrev  0x00001c5f      0x10a ./src/USART.o
 .debug_abbrev  0x00001d69      0x218 ./src/main.o

.debug_line     0x00000000     0x4403
 *(.debug_line)
 .debug_line    0x00000000      0x3d3 ./system/src/newlib/_exit.o
 .debug_line    0x000003d3      0x387 ./system/src/newlib/_sbrk.o
 .debug_line    0x0000075a      0x441 ./system/src/newlib/_startup.o
 .debug_line    0x00000b9b      0x4be ./system/src/newlib/_syscalls.o
 .debug_line    0x00001059      0x40e ./system/src/newlib/assert.o
 .debug_line    0x00001467      0x44f ./system/src/diag/Trace.o
 .debug_line    0x000018b6      0x6bc ./system/src/diag/trace_impl.o
 .debug_line    0x00001f72      0x395 ./system/src/cortexm/_initialize_hardware.o
 .debug_line    0x00002307      0x77e ./system/src/cortexm/exception_handlers.o
 .debug_line    0x00002a85      0x408 ./system/src/cmsis/system_stm32f10x.o
 .debug_line    0x00002e8d      0x121 ./system/src/cmsis/vectors_stm32f10x.o
 .debug_line    0x00002fae      0x45e ./src/ESP8266.o
 .debug_line    0x0000340c      0x28e ./src/GPIO.o
 .debug_line    0x0000369a      0x3aa ./src/RCC.o
 .debug_line    0x00003a44       0xa3 ./src/Relay.o
 .debug_line    0x00003ae7      0x12c ./src/SYSTICK.o
 .debug_line    0x00003c13      0x383 ./src/SimpleESP8266.o
 .debug_line    0x00003f96       0xff ./src/USART.o
 .debug_line    0x00004095      0x36e ./src/main.o

.debug_frame    0x00000000      0xc30
 *(.debug_frame)
 .debug_frame   0x00000000       0x38 ./system/src/newlib/_exit.o
 .debug_frame   0x00000038       0x28 ./system/src/newlib/_sbrk.o
 .debug_frame   0x00000060       0x7c ./system/src/newlib/_startup.o
 .debug_frame   0x000000dc       0x50 ./system/src/newlib/_syscalls.o
 .debug_frame   0x0000012c       0x40 ./system/src/newlib/assert.o
 .debug_frame   0x0000016c       0x94 ./system/src/diag/Trace.o
 .debug_frame   0x00000200       0x64 ./system/src/diag/trace_impl.o
 .debug_frame   0x00000264       0x40 ./system/src/cortexm/_initialize_hardware.o
 .debug_frame   0x000002a4      0x158 ./system/src/cortexm/exception_handlers.o
 .debug_frame   0x000003fc       0x6c ./system/src/cmsis/system_stm32f10x.o
 .debug_frame   0x00000468       0x20 ./system/src/cmsis/vectors_stm32f10x.o
 .debug_frame   0x00000488       0xe4 ./src/ESP8266.o
 .debug_frame   0x0000056c       0x50 ./src/GPIO.o
 .debug_frame   0x000005bc       0xb0 ./src/RCC.o
 .debug_frame   0x0000066c       0x58 ./src/Relay.o
 .debug_frame   0x000006c4       0x98 ./src/SYSTICK.o
 .debug_frame   0x0000075c       0x28 ./src/SimpleESP8266.o
 .debug_frame   0x00000784       0x70 ./src/USART.o
 .debug_frame   0x000007f4       0x2c ./src/main.o
 .debug_frame   0x00000820       0xac w:/embedded systems data/imt/arm/05-arm tools/03- imt sdk/imt_sdk_win_64/winarm/armgcc/bin/../lib/gcc/arm-none-eabi/7.2.1/thumb/v7-m\libgcc.a(_arm_addsubdf3.o)
 .debug_frame   0x000008cc       0x50 w:/embedded systems data/imt/arm/05-arm tools/03- imt sdk/imt_sdk_win_64/winarm/armgcc/bin/../lib/gcc/arm-none-eabi/7.2.1/thumb/v7-m\libgcc.a(_arm_muldivdf3.o)
 .debug_frame   0x0000091c       0x24 w:/embedded systems data/imt/arm/05-arm tools/03- imt sdk/imt_sdk_win_64/winarm/armgcc/bin/../lib/gcc/arm-none-eabi/7.2.1/thumb/v7-m\libgcc.a(_arm_fixunsdfsi.o)
 .debug_frame   0x00000940       0x20 w:/embedded systems data/imt/arm/05-arm tools/03- imt sdk/imt_sdk_win_64/winarm/armgcc/bin/../lib/gcc/arm-none-eabi/7.2.1/../../../../arm-none-eabi/lib/thumb/v7-m\libg_nano.a(lib_a-errno.o)
 .debug_frame   0x00000960       0x4c w:/embedded systems data/imt/arm/05-arm tools/03- imt sdk/imt_sdk_win_64/winarm/armgcc/bin/../lib/gcc/arm-none-eabi/7.2.1/../../../../arm-none-eabi/lib/thumb/v7-m\libg_nano.a(lib_a-vsnprintf.o)
 .debug_frame   0x000009ac       0x90 w:/embedded systems data/imt/arm/05-arm tools/03- imt sdk/imt_sdk_win_64/winarm/armgcc/bin/../lib/gcc/arm-none-eabi/7.2.1/../../../../arm-none-eabi/lib/thumb/v7-m\libg_nano.a(lib_a-nano-svfprintf.o)
 .debug_frame   0x00000a3c       0x60 w:/embedded systems data/imt/arm/05-arm tools/03- imt sdk/imt_sdk_win_64/winarm/armgcc/bin/../lib/gcc/arm-none-eabi/7.2.1/../../../../arm-none-eabi/lib/thumb/v7-m\libg_nano.a(lib_a-nano-vfprintf_i.o)
 .debug_frame   0x00000a9c       0x28 w:/embedded systems data/imt/arm/05-arm tools/03- imt sdk/imt_sdk_win_64/winarm/armgcc/bin/../lib/gcc/arm-none-eabi/7.2.1/../../../../arm-none-eabi/lib/thumb/v7-m\libg_nano.a(lib_a-memchr-stub.o)
 .debug_frame   0x00000ac4       0x28 w:/embedded systems data/imt/arm/05-arm tools/03- imt sdk/imt_sdk_win_64/winarm/armgcc/bin/../lib/gcc/arm-none-eabi/7.2.1/../../../../arm-none-eabi/lib/thumb/v7-m\libg_nano.a(lib_a-memcpy-stub.o)
 .debug_frame   0x00000aec       0x28 w:/embedded systems data/imt/arm/05-arm tools/03- imt sdk/imt_sdk_win_64/winarm/armgcc/bin/../lib/gcc/arm-none-eabi/7.2.1/../../../../arm-none-eabi/lib/thumb/v7-m\libg_nano.a(lib_a-memmove.o)
 .debug_frame   0x00000b14       0x38 w:/embedded systems data/imt/arm/05-arm tools/03- imt sdk/imt_sdk_win_64/winarm/armgcc/bin/../lib/gcc/arm-none-eabi/7.2.1/../../../../arm-none-eabi/lib/thumb/v7-m\libg_nano.a(lib_a-nano-freer.o)
 .debug_frame   0x00000b4c       0x2c w:/embedded systems data/imt/arm/05-arm tools/03- imt sdk/imt_sdk_win_64/winarm/armgcc/bin/../lib/gcc/arm-none-eabi/7.2.1/../../../../arm-none-eabi/lib/thumb/v7-m\libg_nano.a(lib_a-nano-mallocr.o)
 .debug_frame   0x00000b78       0x3c w:/embedded systems data/imt/arm/05-arm tools/03- imt sdk/imt_sdk_win_64/winarm/armgcc/bin/../lib/gcc/arm-none-eabi/7.2.1/../../../../arm-none-eabi/lib/thumb/v7-m\libg_nano.a(lib_a-nano-reallocr.o)
 .debug_frame   0x00000bb4       0x2c w:/embedded systems data/imt/arm/05-arm tools/03- imt sdk/imt_sdk_win_64/winarm/armgcc/bin/../lib/gcc/arm-none-eabi/7.2.1/../../../../arm-none-eabi/lib/thumb/v7-m\libg_nano.a(lib_a-sbrkr.o)
 .debug_frame   0x00000be0       0x30 w:/embedded systems data/imt/arm/05-arm tools/03- imt sdk/imt_sdk_win_64/winarm/armgcc/bin/../lib/gcc/arm-none-eabi/7.2.1/../../../../arm-none-eabi/lib/thumb/v7-m\libg_nano.a(lib_a-mlock.o)
 .debug_frame   0x00000c10       0x20 w:/embedded systems data/imt/arm/05-arm tools/03- imt sdk/imt_sdk_win_64/winarm/armgcc/bin/../lib/gcc/arm-none-eabi/7.2.1/../../../../arm-none-eabi/lib/thumb/v7-m\libg_nano.a(lib_a-nano-msizer.o)

.debug_str      0x00000000    0x57fa9
 *(.debug_str)
 .debug_str     0x00000000     0x7d17 ./system/src/newlib/_exit.o
                               0x7eea (size before relaxing)
 .debug_str     0x00007d17      0x4f5 ./system/src/newlib/_sbrk.o
                               0x729c (size before relaxing)
 .debug_str     0x0000820c      0xbbd ./system/src/newlib/_startup.o
                               0x69d7 (size before relaxing)
 .debug_str     0x00008dc9      0xe8b ./system/src/newlib/_syscalls.o
                               0x8177 (size before relaxing)
 .debug_str     0x00009c54       0xe6 ./system/src/newlib/assert.o
                               0x89ef (size before relaxing)
 .debug_str     0x00009d3a      0x819 ./system/src/diag/Trace.o
                               0x8662 (size before relaxing)
 .debug_str     0x0000a553    0x4b2b9 ./system/src/diag/trace_impl.o
                              0x52a48 (size before relaxing)
 .debug_str     0x0005580c       0xbc ./system/src/cortexm/_initialize_hardware.o
                              0x4e839 (size before relaxing)
 .debug_str     0x000558c8      0x1a6 ./system/src/cortexm/exception_handlers.o
                              0x53c6d (size before relaxing)
 .debug_str     0x00055a6e       0xe1 ./system/src/cmsis/system_stm32f10x.o
                              0x4e8d3 (size before relaxing)
 .debug_str     0x00055b4f       0x57 ./system/src/cmsis/vectors_stm32f10x.o
                               0x3878 (size before relaxing)
 .debug_str     0x00055ba6      0xa49 ./src/ESP8266.o
                               0x6b84 (size before relaxing)
 .debug_str     0x000565ef       0xc7 ./src/GPIO.o
                               0x39d6 (size before relaxing)
 .debug_str     0x000566b6     0x1326 ./src/RCC.o
                               0x498a (size before relaxing)
 .debug_str     0x000579dc       0x55 ./src/Relay.o
                               0x3265 (size before relaxing)
 .debug_str     0x00057a31      0x2a3 ./src/SYSTICK.o
                               0x31a6 (size before relaxing)
 .debug_str     0x00057cd4       0x3f ./src/SimpleESP8266.o
                               0x67be (size before relaxing)
 .debug_str     0x00057d13      0x266 ./src/USART.o
                               0x345d (size before relaxing)
 .debug_str     0x00057f79       0x30 ./src/main.o
                               0x6889 (size before relaxing)

.debug_loc      0x00000000     0x10a5
 *(.debug_loc)
 .debug_loc     0x00000000       0x85 ./system/src/newlib/_sbrk.o
 .debug_loc     0x00000085      0x1a9 ./system/src/newlib/_startup.o
 .debug_loc     0x0000022e       0x63 ./system/src/newlib/_syscalls.o
 .debug_loc     0x00000291      0x134 ./system/src/newlib/assert.o
 .debug_loc     0x000003c5       0xf6 ./system/src/diag/Trace.o
 .debug_loc     0x000004bb      0x121 ./system/src/diag/trace_impl.o
 .debug_loc     0x000005dc      0x291 ./system/src/cortexm/exception_handlers.o
 .debug_loc     0x0000086d       0xdf ./system/src/cmsis/system_stm32f10x.o
 .debug_loc     0x0000094c      0x1a9 ./src/ESP8266.o
 .debug_loc     0x00000af5      0x248 ./src/GPIO.o
 .debug_loc     0x00000d3d      0x172 ./src/RCC.o
 .debug_loc     0x00000eaf       0x60 ./src/Relay.o
 .debug_loc     0x00000f0f       0x40 ./src/SYSTICK.o
 .debug_loc     0x00000f4f      0x137 ./src/USART.o
 .debug_loc     0x00001086       0x1f ./src/main.o

.debug_macinfo
 *(.debug_macinfo)

.debug_weaknames
 *(.debug_weaknames)

.debug_funcnames
 *(.debug_funcnames)

.debug_typenames
 *(.debug_typenames)

.debug_varnames
 *(.debug_varnames)
OUTPUT(Simple ESP8266.elf elf32-littlearm)

.debug_ranges   0x00000000      0x380
 .debug_ranges  0x00000000       0x18 ./system/src/newlib/_exit.o
 .debug_ranges  0x00000018       0x10 ./system/src/newlib/_sbrk.o
 .debug_ranges  0x00000028       0x78 ./system/src/newlib/_startup.o
 .debug_ranges  0x000000a0       0x20 ./system/src/newlib/_syscalls.o
 .debug_ranges  0x000000c0       0x18 ./system/src/newlib/assert.o
 .debug_ranges  0x000000d8       0x28 ./system/src/diag/Trace.o
 .debug_ranges  0x00000100       0x50 ./system/src/diag/trace_impl.o
 .debug_ranges  0x00000150       0x18 ./system/src/cortexm/_initialize_hardware.o
 .debug_ranges  0x00000168       0x80 ./system/src/cortexm/exception_handlers.o
 .debug_ranges  0x000001e8       0x28 ./system/src/cmsis/system_stm32f10x.o
 .debug_ranges  0x00000210       0x10 ./system/src/cmsis/vectors_stm32f10x.o
 .debug_ranges  0x00000220       0x48 ./src/ESP8266.o
 .debug_ranges  0x00000268       0x20 ./src/GPIO.o
 .debug_ranges  0x00000288       0x48 ./src/RCC.o
 .debug_ranges  0x000002d0       0x20 ./src/Relay.o
 .debug_ranges  0x000002f0       0x48 ./src/SYSTICK.o
 .debug_ranges  0x00000338       0x10 ./src/SimpleESP8266.o
 .debug_ranges  0x00000348       0x28 ./src/USART.o
 .debug_ranges  0x00000370       0x10 ./src/main.o

.debug_macro    0x00000000     0x3380
 .debug_macro   0x00000000      0x1b4 ./system/src/newlib/_exit.o
 .debug_macro   0x000001b4       0x9c ./system/src/newlib/_exit.o
 .debug_macro   0x00000250      0x10e ./system/src/newlib/_exit.o
 .debug_macro   0x0000035e       0x8d ./system/src/newlib/_exit.o
 .debug_macro   0x000003eb       0x43 ./system/src/newlib/_exit.o
 .debug_macro   0x0000042e      0x330 ./system/src/newlib/_exit.o
 .debug_macro   0x0000075e       0x35 ./system/src/newlib/_exit.o
 .debug_macro   0x00000793      0x169 ./system/src/newlib/_sbrk.o
 .debug_macro   0x000008fc      0x174 ./system/src/newlib/_sbrk.o
 .debug_macro   0x00000a70       0x10 ./system/src/newlib/_sbrk.o
 .debug_macro   0x00000a80      0x23b ./system/src/newlib/_sbrk.o
 .debug_macro   0x00000cbb      0x173 ./system/src/newlib/_startup.o
 .debug_macro   0x00000e2e      0x217 ./system/src/newlib/_syscalls.o
 .debug_macro   0x00001045       0x1c ./system/src/newlib/_syscalls.o
 .debug_macro   0x00001061       0x10 ./system/src/newlib/_syscalls.o
 .debug_macro   0x00001071       0x10 ./system/src/newlib/_syscalls.o
 .debug_macro   0x00001081       0x10 ./system/src/newlib/_syscalls.o
 .debug_macro   0x00001091       0x35 ./system/src/newlib/_syscalls.o
 .debug_macro   0x000010c6      0x122 ./system/src/newlib/_syscalls.o
 .debug_macro   0x000011e8       0x88 ./system/src/newlib/_syscalls.o
 .debug_macro   0x00001270       0x2b ./system/src/newlib/_syscalls.o
 .debug_macro   0x0000129b      0x118 ./system/src/newlib/_syscalls.o
 .debug_macro   0x000013b3      0x189 ./system/src/newlib/_syscalls.o
 .debug_macro   0x0000153c       0x16 ./system/src/newlib/_syscalls.o
 .debug_macro   0x00001552      0x1d0 ./system/src/newlib/assert.o
 .debug_macro   0x00001722       0x1c ./system/src/newlib/assert.o
 .debug_macro   0x0000173e      0x1fb ./system/src/diag/Trace.o
 .debug_macro   0x00001939       0x16 ./system/src/diag/Trace.o
 .debug_macro   0x0000194f       0x97 ./system/src/diag/Trace.o
 .debug_macro   0x000019e6       0xfd ./system/src/diag/Trace.o
 .debug_macro   0x00001ae3       0x10 ./system/src/diag/Trace.o
 .debug_macro   0x00001af3       0x16 ./system/src/diag/Trace.o
 .debug_macro   0x00001b09      0x16f ./system/src/diag/Trace.o
 .debug_macro   0x00001c78       0x4c ./system/src/diag/Trace.o
 .debug_macro   0x00001cc4       0x16 ./system/src/diag/Trace.o
 .debug_macro   0x00001cda      0x2da ./system/src/diag/trace_impl.o
 .debug_macro   0x00001fb4       0x10 ./system/src/diag/trace_impl.o
 .debug_macro   0x00001fc4       0xcf ./system/src/diag/trace_impl.o
 .debug_macro   0x00002093       0xbe ./system/src/diag/trace_impl.o
 .debug_macro   0x00002151       0x22 ./system/src/diag/trace_impl.o
 .debug_macro   0x00002173      0x16b ./system/src/cortexm/_initialize_hardware.o
 .debug_macro   0x000022de      0x324 ./system/src/cortexm/exception_handlers.o
 .debug_macro   0x00002602       0x3b ./system/src/cortexm/exception_handlers.o
 .debug_macro   0x0000263d       0x10 ./system/src/cortexm/exception_handlers.o
 .debug_macro   0x0000264d      0x16e ./system/src/cmsis/system_stm32f10x.o
 .debug_macro   0x000027bb       0x34 ./system/src/cmsis/vectors_stm32f10x.o
 .debug_macro   0x000027ef      0x13d ./src/ESP8266.o
 .debug_macro   0x0000292c       0x22 ./src/ESP8266.o
 .debug_macro   0x0000294e       0x22 ./src/ESP8266.o
 .debug_macro   0x00002970       0x64 ./src/ESP8266.o
 .debug_macro   0x000029d4       0x88 ./src/ESP8266.o
 .debug_macro   0x00002a5c       0x28 ./src/ESP8266.o
 .debug_macro   0x00002a84       0x34 ./src/ESP8266.o
 .debug_macro   0x00002ab8       0x90 ./src/GPIO.o
 .debug_macro   0x00002b48       0x22 ./src/GPIO.o
 .debug_macro   0x00002b6a       0x90 ./src/RCC.o
 .debug_macro   0x00002bfa       0x2e ./src/RCC.o
 .debug_macro   0x00002c28      0x2e7 ./src/RCC.o
 .debug_macro   0x00002f0f       0x36 ./src/Relay.o
 .debug_macro   0x00002f45       0x3f ./src/SYSTICK.o
 .debug_macro   0x00002f84       0x16 ./src/SYSTICK.o
 .debug_macro   0x00002f9a       0x40 ./src/SYSTICK.o
 .debug_macro   0x00002fda      0x152 ./src/SimpleESP8266.o
 .debug_macro   0x0000312c       0x3e ./src/USART.o
 .debug_macro   0x0000316a       0xac ./src/USART.o
 .debug_macro   0x00003216       0x16 ./src/USART.o
 .debug_macro   0x0000322c      0x154 ./src/main.o
